/home/runner/work/broadridgeTestAutomation/broadridgeTestAutomation/src/test/java/com/broadridge/pages/DownloadFormPage/DownloadFormPage.java
/home/runner/work/broadridgeTestAutomation/broadridgeTestAutomation/src/test/java/com/broadridge/pages/contactUsPage/ContactUsPage.java
/home/runner/work/broadridgeTestAutomation/broadridgeTestAutomation/src/test/java/com/broadridge/runners/CukesRunner.java
/home/runner/work/broadridgeTestAutomation/broadridgeTestAutomation/src/test/java/com/broadridge/runners/FailedTestRunner.java
/home/runner/work/broadridgeTestAutomation/broadridgeTestAutomation/src/test/java/com/broadridge/step_defs/Hooks.java
/home/runner/work/broadridgeTestAutomation/broadridgeTestAutomation/src/test/java/com/broadridge/step_defs/contactUsSteps/ContactUsStepDef.java
/home/runner/work/broadridgeTestAutomation/broadridgeTestAutomation/src/test/java/com/broadridge/step_defs/downloadFormSteps/DownloadFormStepDef.java
/home/runner/work/broadridgeTestAutomation/broadridgeTestAutomation/src/test/java/com/broadridge/utils/BrowserUtils.java
/home/runner/work/broadridgeTestAutomation/broadridgeTestAutomation/src/test/java/com/broadridge/utils/ConfigurationReader.java
/home/runner/work/broadridgeTestAutomation/broadridgeTestAutomation/src/test/java/com/broadridge/utils/Driver.java
/home/runner/work/broadridgeTestAutomation/broadridgeTestAutomation/src/test/java/com/broadridge/utils/GenerateUtils.java
